// Jest Snapshot v1, https://goo.gl/fbAQLP

exports[`SignInForm shows an empty form with the email, pass, sign up and sing in buttons by default 1`] = `
<form
  id="signInForm"
  style={
    Object {
      "padding": "6px",
    }
  }
>
  <div>
    <TextField
      floatingLabelText="Email"
      onChange={[Function]}
    />
  </div>
  <div>
    <TextField
      floatingLabelText="Password"
      onChange={[Function]}
      type="password"
    />
  </div>
  <div>
    <RaisedButton
      label="Sign Up"
      onClick={[Function]}
      style={
        Object {
          "margin": 12,
        }
      }
    />
    <RaisedButton
      label="Sign In"
      onClick={[Function]}
      style={
        Object {
          "margin": 12,
        }
      }
    />
  </div>
</form>
`;
